// Jest Snapshot v1, https://goo.gl/fbAQLP

exports[`Button Test render Button component 1`] = `
<DocumentFragment>
  <button
    class="flex items-center justify-center justify-self-center px-6 py-3 cursor-pointer rounded-2xl shadow-inner transition-all duration-500 hover:opacity-90 bg-purple text-silver"
  >
    Button
  </button>
</DocumentFragment>
`;
